
> voteguide-ai@0.0.0 test
> vitest run


[1m[30m[46m RUN [49m[39m[22m [36mv4.1.5 [39m[90mE:/Kartikey A Dhale/Projects/VoteGuide-AI[39m

[90mstdout[2m | src/utils/calendar.test.js[2m > [22m[2mCalendar Utilities[2m > [22m[2maddEventToCalendar calls fetch with correct parameters
[22m[39mEvent created:  [90mundefined[39m

 [32mΓ£ô[39m src/utils/calendar.test.js [2m([22m[2m1 test[22m[2m)[22m[32m 13[2mms[22m[39m
 [32mΓ£ô[39m src/utils/db.test.js [2m([22m[2m3 tests[22m[2m)[22m[32m 16[2mms[22m[39m
node.exe : [90mstderr[2m | src/pages/Accessibility.test.jsx[2m > [22m[2mAccessibility Component[2m > 
[22m[2mtriggers speech synthesis when read aloud is clicked
At C:\Program Files\nodejs\npm.ps1:29 char:3
+   & $NODE_EXE $NPM_CLI_JS $args
+   ~~~~~~~~~~~~~~~~~~~~~~~~~~~~~
    + CategoryInfo          : NotSpecified: ([90mstderr[2m...loud is clicked:String) [], RemoteException
    + FullyQualifiedErrorId : NativeCommandError
 
[22m[39m[vitest] The vi.fn() mock did not use 'function' or 'class' in its implementation, see 
https://vitest.dev/api/vi#vi-spyon for examples.

 [31mΓ¥»[39m src/pages/Accessibility.test.jsx [2m([22m[2m2 tests[22m[2m | [22m[31m1 failed[39m[2m)[22m[32m 164[2mms[22m[39m
     [32mΓ£ô[39m renders accessibility content[32m 118[2mms[22m[39m
[31m     [31m├ù[31m triggers speech synthesis when read aloud is clicked[39m[32m 37[2mms[22m[39m
 [32mΓ£ô[39m src/pages/Eligibility.test.jsx [2m([22m[2m1 test[22m[2m)[22m[32m 188[2mms[22m[39m
 [32mΓ£ô[39m src/pages/Home.test.jsx [2m([22m[2m2 tests[22m[2m)[22m[32m 164[2mms[22m[39m
 [32mΓ£ô[39m src/components/Navigation.test.jsx [2m([22m[2m2 tests[22m[2m)[22m[32m 205[2mms[22m[39m
 [32mΓ£ô[39m src/pages/DocumentRequirements.test.jsx [2m([22m[2m1 test[22m[2m)[22m[32m 225[2mms[22m[39m
 [32mΓ£ô[39m src/pages/Timeline.test.jsx [2m([22m[2m1 test[22m[2m)[22m[32m 235[2mms[22m[39m
[90mstderr[2m | src/App.test.jsx[2m > [22m[2mApp[2m > [22m[2mrenders without crashing
[22m[39mreact-i18next:: useTranslation: You will need to pass in an i18next instance by using initReactI18next { 
code: [32m'NO_I18NEXT_INSTANCE'[39m }

 [32mΓ£ô[39m src/App.test.jsx [2m([22m[2m1 test[22m[2m)[22m[32m 119[2mms[22m[39m

[31mΓÄ»ΓÄ»ΓÄ»ΓÄ»ΓÄ»ΓÄ»ΓÄ»[39m[1m[41m Failed Tests 1 [49m[22m[31mΓÄ»ΓÄ»ΓÄ»ΓÄ»ΓÄ»ΓÄ»ΓÄ»[39m

[41m[1m FAIL [22m[49m src/pages/Accessibility.test.jsx[2m > [22mAccessibility Component[2m > [22mtriggers 
speech synthesis when read aloud is clicked
[31m[1mAssertionError[22m: expected "vi.fn()" to be called at least once[39m
[36m [2mΓ¥»[22m src/pages/Accessibility.test.jsx:[2m46:23[22m[39m
    [90m 44|[39m
    [90m 45|[39m     expect(window.speechSynthesis.cancel).not.toHaveBeenCalled(); // sΓÇª
    [90m 46|[39m     [34mexpect[39m(speakMock)[33m.[39m[34mtoHaveBeenCalled[39m()[33m;[39m
    [90m   |[39m                       [31m^[39m
    [90m 47|[39m   })[33m;[39m
    [90m 48|[39m })[33m;[39m

[31m[2mΓÄ»ΓÄ»ΓÄ»ΓÄ»ΓÄ»ΓÄ»ΓÄ»ΓÄ»ΓÄ»ΓÄ»ΓÄ»ΓÄ»ΓÄ»ΓÄ»ΓÄ»ΓÄ»ΓÄ»ΓÄ»ΓÄ»ΓÄ»ΓÄ»ΓÄ»ΓÄ»ΓÄ»[1/1]ΓÄ»[22m[39m

[31mΓÄ»ΓÄ»ΓÄ»ΓÄ»ΓÄ»ΓÄ»[39m[1m[41m Unhandled Errors [49m[22m[31mΓÄ»ΓÄ»ΓÄ»ΓÄ»ΓÄ»ΓÄ»[39m
[31m[1m
Vitest caught 1 unhandled error during the test run.
This might cause false positive tests. Resolve unhandled errors to make sure your tests are not affected.[22m[39m

[31mΓÄ»ΓÄ»ΓÄ»ΓÄ»ΓÄ»[39m[1m[41m Uncaught Exception [49m[22m[31mΓÄ»ΓÄ»ΓÄ»ΓÄ»ΓÄ»[39m
[31m[1mTypeError[22m: (text) => ({ text }) is not a constructor[39m
[90m [2mΓ¥»[22m new Mock 
../../../Kartikey%20A%20Dhale/Projects/VoteGuide-AI/node_modules/@vitest/spy/dist/index.js:[2m309:27[22m[39m
[36m [2mΓ¥»[22m toggleSpeech src/pages/Accessibility.jsx:[2m28:25[22m[39m

[90m [2mΓ¥»[22m executeDispatch node_modules/react-dom/cjs/react-dom-client.development.js:[2m19116:9[22m[39m
[90m [2mΓ¥»[22m runWithFiberInDEV node_modules/react-dom/cjs/react-dom-client.development.js:[2m874:13[22m[39m
[90m [2mΓ¥»[22m processDispatchQueue 
node_modules/react-dom/cjs/react-dom-client.development.js:[2m19166:19[22m[39m
[90m [2mΓ¥»[22m node_modules/react-dom/cjs/react-dom-client.development.js:[2m19767:9[22m[39m
[90m [2mΓ¥»[22m batchedUpdates$1 node_modules/react-dom/cjs/react-dom-client.development.js:[2m3255:40[22m[39m
[90m [2mΓ¥»[22m dispatchEventForPluginEventSystem 
node_modules/react-dom/cjs/react-dom-client.development.js:[2m19320:7[22m[39m
[90m [2mΓ¥»[22m dispatchEvent node_modules/react-dom/cjs/react-dom-client.development.js:[2m23585:11[22m[39m
[90m [2mΓ¥»[22m dispatchDiscreteEvent 
node_modules/react-dom/cjs/react-dom-client.development.js:[2m23553:11[22m[39m

[31mThis error originated in "[1msrc/pages/Accessibility.test.jsx[22m" test file. It doesn't mean the error was 
thrown inside the file itself, but while it was running.[39m
[31mThe latest test that might've caused the error is "[1mtriggers speech synthesis when read aloud is 
clicked[22m". It might mean one of the following:
- The error was thrown, while Vitest was running this test.
- If the error occurred after the test had been completed, this was the last documented test before it was thrown.[39m
[31mΓÄ»ΓÄ»ΓÄ»ΓÄ»ΓÄ»ΓÄ»ΓÄ»ΓÄ»ΓÄ»ΓÄ»ΓÄ»ΓÄ»ΓÄ»ΓÄ»ΓÄ»ΓÄ»ΓÄ»ΓÄ»ΓÄ»ΓÄ»ΓÄ»ΓÄ»ΓÄ»ΓÄ»ΓÄ»ΓÄ»ΓÄ»ΓÄ»ΓÄ»ΓÄ»[39m


[2m Test Files [22m [1m[31m1 failed[39m[22m[2m | [22m[1m[32m8 passed[39m[22m[90m (9)[39m
[2m      Tests [22m [1m[31m1 failed[39m[22m[2m | [22m[1m[32m13 passed[39m[22m[90m (14)[39m
[2m     Errors [22m [1m[31m1 error[39m[22m
[2m   Start at [22m 20:13:32
[2m   Duration [22m 4.40s[2m (transform 1.55s, setup 2.48s, import 4.79s, tests 1.33s, environment 21.93s)[22m

